error: Constants have by default a `'static` lifetime
 --> $DIR/const_static_lifetime.rs:4:17
  |
4 | const VAR_ONE: &'static str = "Test constant #1"; // ERROR Consider removing 'static.
  |                -^^^^^^^---- help: consider removing `'static`: `&str`
  |
  = note: `-D const-static-lifetime` implied by `-D warnings`

error: Constants have by default a `'static` lifetime
 --> $DIR/const_static_lifetime.rs:8:21
  |
8 | const VAR_THREE: &[&'static str] = &["one", "two"]; // ERROR Consider removing 'static
  |                    -^^^^^^^---- help: consider removing `'static`: `&str`

error: Constants have by default a `'static` lifetime
  --> $DIR/const_static_lifetime.rs:10:32
   |
10 | const VAR_FOUR: (&str, (&str, &'static str), &'static str) = ("on", ("th", "th"), "on"); // ERROR Consider removing 'static
   |                               -^^^^^^^---- help: consider removing `'static`: `&str`

error: Constants have by default a `'static` lifetime
  --> $DIR/const_static_lifetime.rs:10:47
   |
10 | const VAR_FOUR: (&str, (&str, &'static str), &'static str) = ("on", ("th", "th"), "on"); // ERROR Consider removing 'static
   |                                              -^^^^^^^---- help: consider removing `'static`: `&str`

error: Constants have by default a `'static` lifetime
  --> $DIR/const_static_lifetime.rs:12:18
   |
12 | const VAR_FIVE: &'static [&[&'static str]] = &[&["test"], &["other one"]]; // ERROR Consider removing 'static
   |                 -^^^^^^^------------------ help: consider removing `'static`: `&[&[&'static str]]`

error: Constants have by default a `'static` lifetime
  --> $DIR/const_static_lifetime.rs:12:30
   |
12 | const VAR_FIVE: &'static [&[&'static str]] = &[&["test"], &["other one"]]; // ERROR Consider removing 'static
   |                             -^^^^^^^---- help: consider removing `'static`: `&str`

error: Constants have by default a `'static` lifetime
  --> $DIR/const_static_lifetime.rs:14:17
   |
14 | const VAR_SIX: &'static u8 = &5;
   |                -^^^^^^^--- help: consider removing `'static`: `&u8`

error: Constants have by default a `'static` lifetime
  --> $DIR/const_static_lifetime.rs:16:29
   |
16 | const VAR_SEVEN: &[&(&str, &'static [&'static str])] = &[&("one", &["other one"])];
   |                            -^^^^^^^--------------- help: consider removing `'static`: `&[&'static str]`

error: Constants have by default a `'static` lifetime
  --> $DIR/const_static_lifetime.rs:16:39
   |
16 | const VAR_SEVEN: &[&(&str, &'static [&'static str])] = &[&("one", &["other one"])];
   |                                      -^^^^^^^---- help: consider removing `'static`: `&str`

error: Constants have by default a `'static` lifetime
  --> $DIR/const_static_lifetime.rs:18:20
   |
18 | const VAR_HEIGHT: &'static Foo = &Foo {};
   |                   -^^^^^^^---- help: consider removing `'static`: `&Foo`

error: Constants have by default a `'static` lifetime
  --> $DIR/const_static_lifetime.rs:20:19
   |
20 | const VAR_SLICE: &'static [u8] = b"Test constant #1"; // ERROR Consider removing 'static.
   |                  -^^^^^^^----- help: consider removing `'static`: `&[u8]`

error: Constants have by default a `'static` lifetime
  --> $DIR/const_static_lifetime.rs:22:19
   |
22 | const VAR_TUPLE: &'static (u8, u8) = &(1, 2); // ERROR Consider removing 'static.
   |                  -^^^^^^^--------- help: consider removing `'static`: `&(u8, u8)`

error: Constants have by default a `'static` lifetime
  --> $DIR/const_static_lifetime.rs:24:19
   |
24 | const VAR_ARRAY: &'static [u8; 1] = b"T"; // ERROR Consider removing 'static.
   |                  -^^^^^^^-------- help: consider removing `'static`: `&[u8; 1]`

error: aborting due to 13 previous errors

