error: Clike enum variant discriminant is not portable to 32-bit targets
  --> $DIR/enums_clike.rs:10:5
   |
10 |     X = 0x1_0000_0000,
   |     ^^^^^^^^^^^^^^^^^
   |
   = note: `-D enum-clike-unportable-variant` implied by `-D warnings`

error: Clike enum variant discriminant is not portable to 32-bit targets
  --> $DIR/enums_clike.rs:17:5
   |
17 |     X = 0x1_0000_0000,
   |     ^^^^^^^^^^^^^^^^^

error: Clike enum variant discriminant is not portable to 32-bit targets
  --> $DIR/enums_clike.rs:20:5
   |
20 |     A = 0xFFFF_FFFF,
   |     ^^^^^^^^^^^^^^^

error: Clike enum variant discriminant is not portable to 32-bit targets
  --> $DIR/enums_clike.rs:27:5
   |
27 |     Z = 0xFFFF_FFFF,
   |     ^^^^^^^^^^^^^^^

error: Clike enum variant discriminant is not portable to 32-bit targets
  --> $DIR/enums_clike.rs:28:5
   |
28 |     A = 0x1_0000_0000,
   |     ^^^^^^^^^^^^^^^^^

error: Clike enum variant discriminant is not portable to 32-bit targets
  --> $DIR/enums_clike.rs:30:5
   |
30 |     C = (std::i32::MIN as isize) - 1,
   |     ^^^^^^^^^^^^^^^^^^^^^^^^^^^^^^^^

error: Clike enum variant discriminant is not portable to 32-bit targets
  --> $DIR/enums_clike.rs:36:5
   |
36 |     Z = 0xFFFF_FFFF,
   |     ^^^^^^^^^^^^^^^

error: Clike enum variant discriminant is not portable to 32-bit targets
  --> $DIR/enums_clike.rs:37:5
   |
37 |     A = 0x1_0000_0000,
   |     ^^^^^^^^^^^^^^^^^

error: aborting due to 8 previous errors

